{
  "Root": {
    "Title": null,
    "Parts": [],
    "Metadata": null
  },
  "Metadata": {
    "title": "Structured Markdown Test Document",
    "description": "This document is used for testing the Structured Markdown parser and renderer."
  }
}
