title: Test Document
author: John Doe
tags:
- test
- example
