key1: value1
key2: value2
key3: 3.0
key4:
- abc;
- defg
